---
http_interactions:
- request:
    method: get
    uri: https://api.themoviedb.org/3/movie/238?api_key=c5d87ff6f6c9e5b4d80f024fe25ecdf9
    body:
      encoding: US-ASCII
      string: ''
    headers:
      User-Agent:
      - Faraday v2.7.12
      Accept-Encoding:
      - gzip;q=1.0,deflate;q=0.6,identity;q=0.3
      Accept:
      - "*/*"
  response:
    status:
      code: 200
      message: OK
    headers:
      Content-Type:
      - application/json;charset=utf-8
      Transfer-Encoding:
      - chunked
      Connection:
      - keep-alive
      Server:
      - openresty
      X-Memc:
      - HIT
      X-Memc-Key:
      - 4f4d3badf3c9d576e4abc7160d5da6a0
      X-Memc-Age:
      - '1355'
      X-Memc-Expires:
      - '22870'
      Date:
      - Sat, 02 Dec 2023 00:19:23 GMT
      Etag:
      - W/"571ab4f4b50d676093ea10eaf4708063"
      Vary:
      - Accept-Encoding
      - Origin
      X-Cache:
      - RefreshHit from cloudfront
      Via:
      - 1.1 33c81f2d1329ae561e4982ed7fc464d4.cloudfront.net (CloudFront)
      X-Amz-Cf-Pop:
      - DFW57-P2
      Alt-Svc:
      - h3=":443"; ma=86400
      X-Amz-Cf-Id:
      - QiJTiOmIWW1-VBPLmVKvxs72ediuUcuC1cY16Kmsf6Qqce6jBOki0A==
    body:
      encoding: ASCII-8BIT
      string: '{"adult":false,"backdrop_path":"/tmU7GeKVybMWFButWEGl2M4GeiP.jpg","belongs_to_collection":{"id":230,"name":"The
        Godfather Collection","poster_path":"/zqV8MGXfpLZiFVObLxpAI7wWonJ.jpg","backdrop_path":"/3WZTxpgscsmoUk81TuECXdFOD0R.jpg"},"budget":6000000,"genres":[{"id":18,"name":"Drama"},{"id":80,"name":"Crime"}],"homepage":"http://www.thegodfather.com/","id":238,"imdb_id":"tt0068646","original_language":"en","original_title":"The
        Godfather","overview":"Spanning the years 1945 to 1955, a chronicle of the
        fictional Italian-American Corleone crime family. When organized crime family
        patriarch, Vito Corleone barely survives an attempt on his life, his youngest
        son, Michael steps in to take care of the would-be killers, launching a campaign
        of bloody revenge.","popularity":153.632,"poster_path":"/3bhkrj58Vtu7enYsRolD1fZdja1.jpg","production_companies":[{"id":4,"logo_path":"/gz66EfNoYPqHTYI4q9UEN4CbHRc.png","name":"Paramount","origin_country":"US"},{"id":10211,"logo_path":null,"name":"Alfran
        Productions","origin_country":"US"}],"production_countries":[{"iso_3166_1":"US","name":"United
        States of America"}],"release_date":"1972-03-14","revenue":245066411,"runtime":175,"spoken_languages":[{"english_name":"English","iso_639_1":"en","name":"English"},{"english_name":"Italian","iso_639_1":"it","name":"Italiano"},{"english_name":"Latin","iso_639_1":"la","name":"Latin"}],"status":"Released","tagline":"An
        offer you can''t refuse.","title":"The Godfather","video":false,"vote_average":8.708,"vote_count":19034}'
  recorded_at: Sat, 02 Dec 2023 00:18:13 GMT
- request:
    method: get
    uri: https://api.themoviedb.org/3/movie/238?api_key=c5d87ff6f6c9e5b4d80f024fe25ecdf9
    body:
      encoding: US-ASCII
      string: ''
    headers:
      User-Agent:
      - Faraday v2.7.12
      Accept-Encoding:
      - gzip;q=1.0,deflate;q=0.6,identity;q=0.3
      Accept:
      - "*/*"
  response:
    status:
      code: 200
      message: OK
    headers:
      Content-Type:
      - application/json;charset=utf-8
      Transfer-Encoding:
      - chunked
      Connection:
      - keep-alive
      Server:
      - openresty
      X-Memc:
      - HIT
      X-Memc-Key:
      - 4f4d3badf3c9d576e4abc7160d5da6a0
      X-Memc-Age:
      - '1355'
      X-Memc-Expires:
      - '22870'
      Date:
      - Sat, 02 Dec 2023 00:19:23 GMT
      Etag:
      - W/"571ab4f4b50d676093ea10eaf4708063"
      Vary:
      - Accept-Encoding
      - Origin
      X-Cache:
      - RefreshHit from cloudfront
      Via:
      - 1.1 bf3afc8f6efd6d2679e218a7870bc652.cloudfront.net (CloudFront)
      X-Amz-Cf-Pop:
      - DFW57-P2
      Alt-Svc:
      - h3=":443"; ma=86400
      X-Amz-Cf-Id:
      - hzGUHG-xX7gM6PRQ1GqkUyDs3nuYMjBKDCSmJvVwNW6FY1I6cQzLig==
    body:
      encoding: ASCII-8BIT
      string: '{"adult":false,"backdrop_path":"/tmU7GeKVybMWFButWEGl2M4GeiP.jpg","belongs_to_collection":{"id":230,"name":"The
        Godfather Collection","poster_path":"/zqV8MGXfpLZiFVObLxpAI7wWonJ.jpg","backdrop_path":"/3WZTxpgscsmoUk81TuECXdFOD0R.jpg"},"budget":6000000,"genres":[{"id":18,"name":"Drama"},{"id":80,"name":"Crime"}],"homepage":"http://www.thegodfather.com/","id":238,"imdb_id":"tt0068646","original_language":"en","original_title":"The
        Godfather","overview":"Spanning the years 1945 to 1955, a chronicle of the
        fictional Italian-American Corleone crime family. When organized crime family
        patriarch, Vito Corleone barely survives an attempt on his life, his youngest
        son, Michael steps in to take care of the would-be killers, launching a campaign
        of bloody revenge.","popularity":153.632,"poster_path":"/3bhkrj58Vtu7enYsRolD1fZdja1.jpg","production_companies":[{"id":4,"logo_path":"/gz66EfNoYPqHTYI4q9UEN4CbHRc.png","name":"Paramount","origin_country":"US"},{"id":10211,"logo_path":null,"name":"Alfran
        Productions","origin_country":"US"}],"production_countries":[{"iso_3166_1":"US","name":"United
        States of America"}],"release_date":"1972-03-14","revenue":245066411,"runtime":175,"spoken_languages":[{"english_name":"English","iso_639_1":"en","name":"English"},{"english_name":"Italian","iso_639_1":"it","name":"Italiano"},{"english_name":"Latin","iso_639_1":"la","name":"Latin"}],"status":"Released","tagline":"An
        offer you can''t refuse.","title":"The Godfather","video":false,"vote_average":8.708,"vote_count":19034}'
  recorded_at: Sat, 02 Dec 2023 00:18:13 GMT
- request:
    method: get
    uri: https://api.themoviedb.org/3/movie/238?api_key=c5d87ff6f6c9e5b4d80f024fe25ecdf9
    body:
      encoding: US-ASCII
      string: ''
    headers:
      User-Agent:
      - Faraday v2.7.12
      Accept-Encoding:
      - gzip;q=1.0,deflate;q=0.6,identity;q=0.3
      Accept:
      - "*/*"
  response:
    status:
      code: 200
      message: OK
    headers:
      Content-Type:
      - application/json;charset=utf-8
      Transfer-Encoding:
      - chunked
      Connection:
      - keep-alive
      Server:
      - openresty
      X-Memc:
      - HIT
      X-Memc-Key:
      - 4f4d3badf3c9d576e4abc7160d5da6a0
      X-Memc-Age:
      - '1355'
      X-Memc-Expires:
      - '22870'
      Date:
      - Sat, 02 Dec 2023 00:19:23 GMT
      Etag:
      - W/"571ab4f4b50d676093ea10eaf4708063"
      Vary:
      - Accept-Encoding
      - Origin
      X-Cache:
      - RefreshHit from cloudfront
      Via:
      - 1.1 b3dfeca2b179bbcb23e584f32e44fa6c.cloudfront.net (CloudFront)
      X-Amz-Cf-Pop:
      - DFW57-P2
      Alt-Svc:
      - h3=":443"; ma=86400
      X-Amz-Cf-Id:
      - FZ4aV7yz_NAYh3Oguxmtfern67oEc8i-GmobL2mP6i2z9qJ7FYyvLQ==
    body:
      encoding: ASCII-8BIT
      string: '{"adult":false,"backdrop_path":"/tmU7GeKVybMWFButWEGl2M4GeiP.jpg","belongs_to_collection":{"id":230,"name":"The
        Godfather Collection","poster_path":"/zqV8MGXfpLZiFVObLxpAI7wWonJ.jpg","backdrop_path":"/3WZTxpgscsmoUk81TuECXdFOD0R.jpg"},"budget":6000000,"genres":[{"id":18,"name":"Drama"},{"id":80,"name":"Crime"}],"homepage":"http://www.thegodfather.com/","id":238,"imdb_id":"tt0068646","original_language":"en","original_title":"The
        Godfather","overview":"Spanning the years 1945 to 1955, a chronicle of the
        fictional Italian-American Corleone crime family. When organized crime family
        patriarch, Vito Corleone barely survives an attempt on his life, his youngest
        son, Michael steps in to take care of the would-be killers, launching a campaign
        of bloody revenge.","popularity":153.632,"poster_path":"/3bhkrj58Vtu7enYsRolD1fZdja1.jpg","production_companies":[{"id":4,"logo_path":"/gz66EfNoYPqHTYI4q9UEN4CbHRc.png","name":"Paramount","origin_country":"US"},{"id":10211,"logo_path":null,"name":"Alfran
        Productions","origin_country":"US"}],"production_countries":[{"iso_3166_1":"US","name":"United
        States of America"}],"release_date":"1972-03-14","revenue":245066411,"runtime":175,"spoken_languages":[{"english_name":"English","iso_639_1":"en","name":"English"},{"english_name":"Italian","iso_639_1":"it","name":"Italiano"},{"english_name":"Latin","iso_639_1":"la","name":"Latin"}],"status":"Released","tagline":"An
        offer you can''t refuse.","title":"The Godfather","video":false,"vote_average":8.708,"vote_count":19034}'
  recorded_at: Sat, 02 Dec 2023 00:18:13 GMT
recorded_with: VCR 6.2.0
